nohup: ignoring input
found 98 log files.
------------------------------
filepath /home/hxyang/my_Code/matlab_NN/test_sasian/test_new/test_87/100/result_1/log1
filepath /home/hxyang/my_Code/matlab_NN/test_sasian/test_new/test_87/100/result_1/log2
filepath /home/hxyang/my_Code/matlab_NN/test_sasian/test_new/test_87/100/result_1/log3
filepath /home/hxyang/my_Code/matlab_NN/test_sasian/test_new/test_87/100/result_1/log4
filepath /home/hxyang/my_Code/matlab_NN/test_sasian/test_new/test_87/100/result_1/log5
filepath /home/hxyang/my_Code/matlab_NN/test_sasian/test_new/test_87/100/result_1/log6
filepath /home/hxyang/my_Code/matlab_NN/test_sasian/test_new/test_87/100/result_1/log7
filepath /home/hxyang/my_Code/matlab_NN/test_sasian/test_new/test_87/100/result_1/log8
filepath /home/hxyang/my_Code/matlab_NN/test_sasian/test_new/test_87/100/result_1/log9
filepath /home/hxyang/my_Code/matlab_NN/test_sasian/test_new/test_87/100/result_1/log10
filepath /home/hxyang/my_Code/matlab_NN/test_sasian/test_new/test_87/100/result_1/log11
filepath /home/hxyang/my_Code/matlab_NN/test_sasian/test_new/test_87/100/result_1/log12
filepath /home/hxyang/my_Code/matlab_NN/test_sasian/test_new/test_87/100/result_1/log13
filepath /home/hxyang/my_Code/matlab_NN/test_sasian/test_new/test_87/100/result_1/log14
filepath /home/hxyang/my_Code/matlab_NN/test_sasian/test_new/test_87/100/result_1/log15
filepath /home/hxyang/my_Code/matlab_NN/test_sasian/test_new/test_87/100/result_1/log16
filepath /home/hxyang/my_Code/matlab_NN/test_sasian/test_new/test_87/100/result_1/log17
filepath /home/hxyang/my_Code/matlab_NN/test_sasian/test_new/test_87/100/result_1/log18
filepath /home/hxyang/my_Code/matlab_NN/test_sasian/test_new/test_87/100/result_1/log19
filepath /home/hxyang/my_Code/matlab_NN/test_sasian/test_new/test_87/100/result_1/log20
filepath /home/hxyang/my_Code/matlab_NN/test_sasian/test_new/test_87/100/result_1/log21
filepath /home/hxyang/my_Code/matlab_NN/test_sasian/test_new/test_87/100/result_1/log22
filepath /home/hxyang/my_Code/matlab_NN/test_sasian/test_new/test_87/100/result_1/log23
filepath /home/hxyang/my_Code/matlab_NN/test_sasian/test_new/test_87/100/result_1/log24
filepath /home/hxyang/my_Code/matlab_NN/test_sasian/test_new/test_87/100/result_1/log25
filepath /home/hxyang/my_Code/matlab_NN/test_sasian/test_new/test_87/100/result_1/log26
filepath /home/hxyang/my_Code/matlab_NN/test_sasian/test_new/test_87/100/result_1/log27
filepath /home/hxyang/my_Code/matlab_NN/test_sasian/test_new/test_87/100/result_1/log28
filepath /home/hxyang/my_Code/matlab_NN/test_sasian/test_new/test_87/100/result_1/log29
filepath /home/hxyang/my_Code/matlab_NN/test_sasian/test_new/test_87/100/result_1/log30
filepath /home/hxyang/my_Code/matlab_NN/test_sasian/test_new/test_87/100/result_1/log31
filepath /home/hxyang/my_Code/matlab_NN/test_sasian/test_new/test_87/100/result_1/log32
filepath /home/hxyang/my_Code/matlab_NN/test_sasian/test_new/test_87/100/result_1/log33
filepath /home/hxyang/my_Code/matlab_NN/test_sasian/test_new/test_87/100/result_1/log34
filepath /home/hxyang/my_Code/matlab_NN/test_sasian/test_new/test_87/100/result_1/log35
filepath /home/hxyang/my_Code/matlab_NN/test_sasian/test_new/test_87/100/result_1/log36
filepath /home/hxyang/my_Code/matlab_NN/test_sasian/test_new/test_87/100/result_1/log37
filepath /home/hxyang/my_Code/matlab_NN/test_sasian/test_new/test_87/100/result_1/log38
filepath /home/hxyang/my_Code/matlab_NN/test_sasian/test_new/test_87/100/result_1/log39
filepath /home/hxyang/my_Code/matlab_NN/test_sasian/test_new/test_87/100/result_1/log40
filepath /home/hxyang/my_Code/matlab_NN/test_sasian/test_new/test_87/100/result_1/log41
filepath /home/hxyang/my_Code/matlab_NN/test_sasian/test_new/test_87/100/result_1/log42
filepath /home/hxyang/my_Code/matlab_NN/test_sasian/test_new/test_87/100/result_1/log43
filepath /home/hxyang/my_Code/matlab_NN/test_sasian/test_new/test_87/100/result_1/log44
filepath /home/hxyang/my_Code/matlab_NN/test_sasian/test_new/test_87/100/result_1/log45
filepath /home/hxyang/my_Code/matlab_NN/test_sasian/test_new/test_87/100/result_1/log46
filepath /home/hxyang/my_Code/matlab_NN/test_sasian/test_new/test_87/100/result_1/log47
filepath /home/hxyang/my_Code/matlab_NN/test_sasian/test_new/test_87/100/result_1/log48
filepath /home/hxyang/my_Code/matlab_NN/test_sasian/test_new/test_87/100/result_1/log49
filepath /home/hxyang/my_Code/matlab_NN/test_sasian/test_new/test_87/100/result_1/log50
filepath /home/hxyang/my_Code/matlab_NN/test_sasian/test_new/test_87/100/result_1/log51
filepath /home/hxyang/my_Code/matlab_NN/test_sasian/test_new/test_87/100/result_1/log52
filepath /home/hxyang/my_Code/matlab_NN/test_sasian/test_new/test_87/100/result_1/log53
filepath /home/hxyang/my_Code/matlab_NN/test_sasian/test_new/test_87/100/result_1/log54
filepath /home/hxyang/my_Code/matlab_NN/test_sasian/test_new/test_87/100/result_1/log55
filepath /home/hxyang/my_Code/matlab_NN/test_sasian/test_new/test_87/100/result_1/log56
filepath /home/hxyang/my_Code/matlab_NN/test_sasian/test_new/test_87/100/result_1/log57
filepath /home/hxyang/my_Code/matlab_NN/test_sasian/test_new/test_87/100/result_1/log58
filepath /home/hxyang/my_Code/matlab_NN/test_sasian/test_new/test_87/100/result_1/log59
filepath /home/hxyang/my_Code/matlab_NN/test_sasian/test_new/test_87/100/result_1/log60
filepath /home/hxyang/my_Code/matlab_NN/test_sasian/test_new/test_87/100/result_1/log61
filepath /home/hxyang/my_Code/matlab_NN/test_sasian/test_new/test_87/100/result_1/log62
filepath /home/hxyang/my_Code/matlab_NN/test_sasian/test_new/test_87/100/result_1/log63
filepath /home/hxyang/my_Code/matlab_NN/test_sasian/test_new/test_87/100/result_1/log64
filepath /home/hxyang/my_Code/matlab_NN/test_sasian/test_new/test_87/100/result_1/log65
filepath /home/hxyang/my_Code/matlab_NN/test_sasian/test_new/test_87/100/result_1/log66
filepath /home/hxyang/my_Code/matlab_NN/test_sasian/test_new/test_87/100/result_1/log67
filepath /home/hxyang/my_Code/matlab_NN/test_sasian/test_new/test_87/100/result_1/log68
filepath /home/hxyang/my_Code/matlab_NN/test_sasian/test_new/test_87/100/result_1/log69
filepath /home/hxyang/my_Code/matlab_NN/test_sasian/test_new/test_87/100/result_1/log70
filepath /home/hxyang/my_Code/matlab_NN/test_sasian/test_new/test_87/100/result_1/log71
filepath /home/hxyang/my_Code/matlab_NN/test_sasian/test_new/test_87/100/result_1/log72
filepath /home/hxyang/my_Code/matlab_NN/test_sasian/test_new/test_87/100/result_1/log73
filepath /home/hxyang/my_Code/matlab_NN/test_sasian/test_new/test_87/100/result_1/log74
filepath /home/hxyang/my_Code/matlab_NN/test_sasian/test_new/test_87/100/result_1/log75
filepath /home/hxyang/my_Code/matlab_NN/test_sasian/test_new/test_87/100/result_1/log76
filepath /home/hxyang/my_Code/matlab_NN/test_sasian/test_new/test_87/100/result_1/log77
filepath /home/hxyang/my_Code/matlab_NN/test_sasian/test_new/test_87/100/result_1/log78
filepath /home/hxyang/my_Code/matlab_NN/test_sasian/test_new/test_87/100/result_1/log79
filepath /home/hxyang/my_Code/matlab_NN/test_sasian/test_new/test_87/100/result_1/log80
filepath /home/hxyang/my_Code/matlab_NN/test_sasian/test_new/test_87/100/result_1/log81
filepath /home/hxyang/my_Code/matlab_NN/test_sasian/test_new/test_87/100/result_1/log82
filepath /home/hxyang/my_Code/matlab_NN/test_sasian/test_new/test_87/100/result_1/log83
filepath /home/hxyang/my_Code/matlab_NN/test_sasian/test_new/test_87/100/result_1/log84
filepath /home/hxyang/my_Code/matlab_NN/test_sasian/test_new/test_87/100/result_1/log85
filepath /home/hxyang/my_Code/matlab_NN/test_sasian/test_new/test_87/100/result_1/log86
filepath /home/hxyang/my_Code/matlab_NN/test_sasian/test_new/test_87/100/result_1/log87
filepath /home/hxyang/my_Code/matlab_NN/test_sasian/test_new/test_87/100/result_1/log88
filepath /home/hxyang/my_Code/matlab_NN/test_sasian/test_new/test_87/100/result_1/log89
filepath /home/hxyang/my_Code/matlab_NN/test_sasian/test_new/test_87/100/result_1/log90
filepath /home/hxyang/my_Code/matlab_NN/test_sasian/test_new/test_87/100/result_1/log91
filepath /home/hxyang/my_Code/matlab_NN/test_sasian/test_new/test_87/100/result_1/log92
filepath /home/hxyang/my_Code/matlab_NN/test_sasian/test_new/test_87/100/result_1/log93
filepath /home/hxyang/my_Code/matlab_NN/test_sasian/test_new/test_87/100/result_1/log94
filepath /home/hxyang/my_Code/matlab_NN/test_sasian/test_new/test_87/100/result_1/log95
filepath /home/hxyang/my_Code/matlab_NN/test_sasian/test_new/test_87/100/result_1/log96
filepath /home/hxyang/my_Code/matlab_NN/test_sasian/test_new/test_87/100/result_1/log97
filepath /home/hxyang/my_Code/matlab_NN/test_sasian/test_new/test_87/100/result_1/log98

Starting Statistical Analysis...
corr_list [('CO+#1<->CO#1', 0.3107431395276099, 0.13549318669844537, 0.0018443829771992116, 28, 0.047994172161845934, 0.18715241243001127, 0.2351465845918572), ('CO+#2<->CO#2', 0.2733623088020758, 0.057559095176060796, 0.006459271867093145, 19, 0.015179461015992537, 0.09081624593979884, 0.10599570695579137), ('H2+#1<->H2#1', 0.42621306005274967, 0.5635944482090877, 1.210121873575979e-05, 45, 0.22531543139159824, 0.5774805023938122, 0.8027959337854105), ('H2#1+#2<->H#1+H#2', 0.47855045290905385, 0.780885643574028, 6.226385246273156e-07, 46, 0.2727439318860801, 0.7120593051815812, 0.9848032370676614), ('H#2+#1<->H#1+#2', 0.3495630686834944, 0.05527697092951156, 0.0004185744963122596, 20, 0.016900731763315264, 0.06879670972458364, 0.0856974414878989), ('CO#1+H#1<->CHO#1+#1', 0.5238649264500519, 0.6961984347674285, 3.103876318304222e-08, 88, 0.5061530044704081, 0.5689778080294711, 1.075130812499879), ('CO#1+H#1<->COH#1+#1', 0.17133926707367697, -0.013245312406236972, 0.09162097414886178, 8, 0.005143076748760404, 0.03346514913954608, 0.03860822588830649), ('CHO#1+H#1<->CH2O#1+#1', 0.02164630447197237, -0.015854375498389472, 0.8324481160680639, 65, 0.14741674905209573, 0.3204118722034624, 0.46782862125555813), ('CHO#1+H#1<->CHOH#1+#1', 0.11501569356661188, -0.03719451551869462, 0.2594316049801814, 22, 0.041986290749412014, 0.14080003230985383, 0.18278632305926584), ('CH2O#1+H#1<->CH3O#1+#1', 0.046677245455107534, -0.01002914595793291, 0.648101441400126, 43, 0.023053079886565964, 0.09229311643706892, 0.11534619632363488), ('CH2O#1+H#1<->CH2OH#1+#1', 0.15651396996428169, -1.5041398388733598e-05, 0.12379673597652197, 1, 5.143113111517573e-06, 4.142857802133021e-05, 4.657169113284778e-05), ('COH#1+H#1<->CHOH#1+#1', 0.05631303991355864, -0.005213132888140818, 0.5818014217707435, 6, 0.00416103695671879, 0.04019428433491262, 0.04435532129163141), ('CHOH#1+H#1<->CH2OH#1+#1', 0.1638652036232443, -0.0039363675600567055, 0.10689935435915639, 5, 0.0011209067341471986, 0.010360596257653603, 0.011481502991800802), ('CH2OH#1+H#1<->CH3OH#1+#1', 0.15851875839659516, -6.782133161414569e-05, 0.11899732982002573, 1, 1.9550128339614043e-05, 0.00018593813529841445, 0.0002054882636380285), ('CH3O#1+H#1<->CH3OH#1+#1', 0.13248156176868292, -8.00994144548192e-07, 0.19345927656535247, 0, 2.691611114871138e-07, 2.6127567853737982e-06, 2.881917896860912e-06), ('CH2O#1<->CH2O+#1', 0.2578414173925272, 2.2709461981820254e-08, 0.01036983706818548, 0, 7.0534268237961e-09, 3.826710526144965e-08, 4.532053208524575e-08), ('CH3OH#1<->CH3OH+#1', 0.14585444903991646, -8.195657667364772e-07, 0.15184777480649175, 0, 3.4898491824007623e-07, 2.4531624103856675e-06, 2.802147328625744e-06), ('CHO#1+#1<->CH#1+O#1', 0.17560619590379697, -0.1377434416725, 0.0837062062929939, 55, 0.11659229744355706, 0.3405221206724705, 0.4571144181160276), ('CH2O#1+#1<->CH2#1+O#1', 0.05027401844335416, -0.032204439172263774, 0.6229930718468161, 40, 0.07489413203723407, 0.27889821193345193, 0.353792343970686), ('CH2O#1+#2<->CH2#2+O#1', 0.003262394356575316, -0.0014918556026339612, 0.9745663453972824, 24, 0.03310572639597639, 0.19772017154955396, 0.23082589794553035), ('CHOH#1+#1<->CH#1+OH#1', 0.10163205427129554, -0.01679801871181631, 0.3193578614126055, 27, 0.01174654751023802, 0.07117498023807035, 0.08292152774830837), ('CH2OH#1+#1<->CH2#1+OH#1', 0.11367295983305005, -0.00043982347185480056, 0.26507185197291, 1, 0.00016951948969024013, 0.0016682628612389096, 0.0018377823509291497), ('CH2OH#1+#2<->CH2#2+OH#1', 0.09202373213873478, -0.0015508486802157657, 0.36747445768448417, 3, 0.0007849763442805848, 0.0073674665177056635, 0.008152442861986249), ('CH3O#1+#1<->CH3#1+O#1', 0.049964705347124216, -0.017755477593930362, 0.625135986466816, 29, 0.037883941216674745, 0.15388304957219998, 0.1917669907888747), ('CH3O#1+#2<->CH3#2+O#1', 0.038416967085747655, 0.005154437247454623, 0.7072383194697545, 29, 0.01614286458507501, 0.05706344527409588, 0.0732063098591709), ('CH3OH#1+#1<->CH3#1+OH#1', 0.11293822751097923, -2.6865506481122584e-08, 0.26819309055025764, 0, 1.226160519350579e-08, 1.0390668371917099e-07, 1.1616828891267678e-07), ('CH3OH#1+#2<->CH3#2+OH#1', 0.10935311562295003, -3.7482920146004204e-06, 0.28377876227002585, 1, 1.7821695878350508e-06, 1.4813301958272285e-05, 1.6595471546107337e-05), ('CH#1+H#1<->CH2#1+#1', 0.00020910988156264132, 0.00016020504716717518, 0.9983695068380786, 43, 0.12426762625138388, 0.3304047365723061, 0.45467236282369), ('CH#1+OH#1<->CH2#1+O#1', 0.042497724096556735, 0.02563371700743005, 0.6777789153496333, 57, 0.10724941522382742, 0.260903174505973, 0.3681525897298004), ('CH2#1+H#1<->CH3#1+#1', 0.020206700603438092, -0.01626679933452387, 0.8434443422189004, 61, 0.20854745092228574, 0.3518317604586528, 0.5603792113809385), ('CH2#2+H#1<->CH3#2+#1', 0.02907101191806758, -0.013773740859269704, 0.7762909078556837, 19, 0.028782012570912473, 0.20381063242442374, 0.23259264499533622), ('CH2#2+OH#1<->CH3#2+O#1', 0.20781334340569624, -0.05174087624558944, 0.0400410179881299, 21, 0.01886689208836959, 0.10758982614905974, 0.12645671823742932), ('CH2#1+OH#1<->CH3#1+O#1', 0.08746780044358136, -0.07014318271481641, 0.3917653869050029, 65, 0.19596400790689605, 0.34616817654804694, 0.5421321844549429), ('CH3#2+H#2<->CH4+#2+#2', 0.11003170779642016, -0.09981393733852574, 0.28078332552289514, 25, 0.08032294152388292, 0.39488344962501076, 0.4752063911488937), ('CH3#2+OH#1<->CH4+#2+O#1', 0.009481979551485734, -0.015005920268999232, 0.9261700903562367, 52, 0.18190068375110222, 0.6918178022976061, 0.8737184860487084), ('CH3#2+H#1<->CH4+#1+#2', 0.0404410232721613, 0.028280493661575156, 0.6925692206024201, 42, 0.08403841447385609, 0.3016146859140316, 0.3856531003878877), ('CH3#1+H#2<->CH4+#1+#2', 0.16397410676218072, -0.043356209897994276, 0.10666329408497288, 31, 0.02663100860167183, 0.11370755176188509, 0.1403385603635569), ('CH3#1+H#1<->CH4+#1+#1', 0.18944340840143195, -0.12074014891296733, 0.061721979642789325, 56, 0.13443793444479593, 0.27520515434781584, 0.4096430887926118), ('CH3#1+OH#1<->CH4+#1+O#1', 0.27196963450077494, -0.21972176975903904, 0.006746938159009278, 54, 0.14241727530531384, 0.34953849159812406, 0.4919557669034379), ('CHO#1+CO#1<->CH#1+CO2#1', 0.2308773868605038, -0.1317125778302708, 0.02218188906861302, 20, 0.04470276458371304, 0.24461821890441796, 0.289320983488131), ('CH2O#1+CO#1<->CH2#1+CO2#1', 0.11322278070711458, -0.008383157561181848, 0.2669813357148747, 13, 0.004174776285757513, 0.032302265780470275, 0.03647704206622779), ('CH3O#1+CO#1<->CH3#1+CO2#1', 0.30724049362701916, -0.06641691085674566, 0.0020888879164077637, 10, 0.02347781156100508, 0.0931226447699129, 0.11660045633091798), ('CHO#1+CO#2<->CH#1+CO2#2', 0.22332687234970042, -0.07527311525986781, 0.02707362394035172, 14, 0.022562511802158458, 0.14603916521017732, 0.16860167701233578), ('CH2O#1+CO#2<->CH2#1+CO2#2', 0.21317843260417912, -0.05349430101144649, 0.03506798300019318, 12, 0.017977566608971877, 0.10871804222544743, 0.1266956088344193), ('CH3O#1+CO#2<->CH3#1+CO2#2', 0.11855374052669904, -6.220740313271876e-07, 0.2449636232851871, 0, 2.719559651783941e-07, 2.2912818931730474e-06, 2.5632378583514414e-06), ('CH2#1+CO#2<->CH2CO#1+#2', 0.008845375919203792, -0.0004090244918684137, 0.9311143245767353, 12, 0.0029716682779091733, 0.020133197401100523, 0.023104865679009698), ('CH2#1+CO#1<->CH2CO#1+#1', 0.1632690867728609, -0.0375048267146479, 0.10819873423612067, 13, 0.014422390089972903, 0.09884511572598347, 0.11326750581595636), ('CH2#2+CO#2<->CH2CO#2+#2', 0.0766957831069287, -0.012116780955175674, 0.45288470827672445, 6, 0.00914866980964766, 0.06869444738812333, 0.07784311719777098), ('CH3#1+CO#2<->CH3CO#1+#2', 0.05567403456869097, -8.058888738933341e-07, 0.5861002632081252, 0, 7.893338581256319e-07, 6.280962561890675e-06, 7.070296420016307e-06), ('CH3#1+CO#1<->CH3CO#1+#1', 0.1540790228614074, -0.00015171733764257836, 0.12982429886409189, 2, 5.106038580173271e-05, 0.0004264311019558726, 0.0004774914877576053), ('CH3#2+CO#2<->CH3CO#2+#2', 0.15136077996069033, -0.007944059447213334, 0.13681524307599235, 3, 0.002292329244832209, 0.02251103695214249, 0.0248033661969747), ('CH3CO#1+#1<->CH2CO#1+H#1', 0.08303871554021533, -4.597576767355174e-06, 0.4162757830035939, 1, 2.6418026314190867e-06, 2.422649533899843e-05, 2.6868297970417516e-05), ('CH3CO#1+O#1<->CH2CO#1+OH#1', 0.1814315219706123, -0.004842996911259177, 0.07379126416872729, 2, 0.0012671955767778523, 0.011583806833952846, 0.012851002410730698), ('CH3CO#2+#1<->CH2CO#2+H#1', 0.06464334237660395, -0.002455616755169724, 0.5271336235659468, 6, 0.002468095084658144, 0.016474918397219245, 0.01894301348187739), ('CH3CO#2+O#1<->CH2CO#2+OH#1', 0.048616620677478926, -0.003976403667942086, 0.6345117611674685, 6, 0.005136118287032969, 0.035417247321910206, 0.040553365608943175), ('CH2CO#1<->CH2CO+#1', 0.012074796151537559, 0.0017111202639943166, 0.9060637165752176, 12, 0.007630051397138726, 0.06135342958698649, 0.06898348098412521), ('CH2CO#2<->CH2CO+#2', 0.11331708253188905, 0.0007139543380921017, 0.2665805753049263, 6, 0.00044225591082393495, 0.002745852966675834, 0.003188108877499769), ('CO#2+O#1<->CO2#1+#2', 0.5270393984150717, 0.21301466055307217, 2.4739107088859714e-08, 39, 0.0658433914031889, 0.17473596646080503, 0.24057935786399393), ('CO#2+OH#1<->COOH#2+#1', 0.09577621326375706, -0.006718789238819033, 0.34817765593440075, 14, 0.003498718338100591, 0.029993563221138626, 0.033492281559239216), ('COOH#2+O#1<->CO2#2+OH#1', 0.03866036955673985, -0.004864372708459577, 0.7054684924279079, 6, 0.005619427852598932, 0.05486781296960365, 0.06048724082220258), ('COOH#2+#1<->CO2#2+H#1', 0.133692478179316, -0.007465625025419155, 0.1893828205971131, 19, 0.005014820957342352, 0.02410449264997051, 0.02911931360731286), ('H#1+OH#1<->H2O#1+#1', 0.1776187933350648, -0.07596689573974429, 0.08016713897799131, 54, 0.06884697601792733, 0.1851492659766357, 0.25399624199456305), ('OH#1+OH#1<->H2O#1+O#1', 0.09215106810394098, -0.20225094341883051, 0.3668090872975218, 60, 0.17317767581957186, 0.9486009733833559, 1.1217786492029278), ('H#2+OH#1<->H2O#1+#2', 0.2503412212252948, 0.14719208294892677, 0.012912336878799916, 63, 0.12184858374110714, 0.25637742762922405, 0.3782260113703312), ('CO2#1<->CO2+#1', 0.4624286282499216, 0.19771765174324973, 1.6373209394824977e-06, 40, 0.05833625872695874, 0.18626827718261307, 0.24460453590957182), ('CO2#2<->CO2+#2', 0.12020102166544777, 0.030008157441169924, 0.23842128398172538, 13, 0.01952385423026682, 0.1090732615452268, 0.12859711577549363), ('H2O#1<->H2O+#1', 0.8713431924477579, 0.9078925694298298, 1.9241019631036496e-31, 77, 0.4329068288734694, 0.4540484064570469, 0.8869552353305163), ('CH2CO_1+#3<->CH2CO_H#3', 0.24437671874576822, 0.00023204205804351334, 0.015306038723104994, 4, 7.2322343334143e-05, 0.0004083526616595534, 0.0004806750049936964), ('CH2CO_H#3<->CH3CO#3', 0.21668234935452108, 0.000273921690295475, 0.032108788228881135, 3, 7.529661344075717e-05, 0.00055191823308262, 0.0006272148465233772), ('CH3CO#3<->CH3#3+CO', 0.1528436863447986, 1.487345135528005e-08, 0.13296680116227078, 0, 5.142252898448034e-09, 4.205262719046869e-08, 4.719488008891672e-08), ('CH3#3+CH2CO_1<->CH3CH2CO#3', 0.10926144080814922, 0.004558575853982344, 0.2841850594107996, 10, 0.0021210430518487596, 0.018211576874583, 0.02033261992643176), ('CH3CH2CO#3<->CH3CH2#3+CO', 0.2304332495824416, 6.24367084258143e-05, 0.022447081241703668, 4, 1.9698257306924956e-05, 0.00011811651507251949, 0.00013781477237944444), ('CH3CH2#3<->CH2CH2_in#3', 0.18776232650887958, 4.587630217002582e-05, 0.06411114883860795, 3, 1.3453092364347488e-05, 0.00010440662414156938, 0.00011785971650591686), ('CH3CH2#3+CH2CO_1<->CH3CH2CH2CO#3', 0.10067472382590797, 4.602031987735291e-05, 0.32396123852617625, 4, 3.582824815745422e-05, 0.00019902467846527537, 0.00023485292662272958), ('CH3CH2CH2CO#3<->CH3CH2CH2#3+CO', 0.15826301180671876, 6.737223722990001e-05, 0.1196014678058396, 4, 3.324781490731388e-05, 0.00018375458250843556, 0.00021700239741574945), ('CH3CH2CH2#3<->CH2CHCH3_in#3', 0.16666409078222494, 0.0003389170575881475, 0.10096052892654364, 3, 0.0001242527933902976, 0.0008882441656117494, 0.001012496959002047), ('CH2CH2_in#3<->CH2CH2+#3', 0.1256687932562688, 0.0001865697604186021, 0.21757937222140752, 3, 8.357827206827716e-05, 0.0006454391317498913, 0.0007290174038181685), ('CH2CHCH3_in#3<->CH2CHCH3+#3', 0.19719768876910987, 6.8323243555355105e-06, 0.05162269366648094, 1, 2.1493930186454836e-06, 1.4909127629272465e-05, 1.705852064791795e-05), ('CH2CO<->CH2CO_1', 0.2065612708977893, 0.0003806877610528851, 0.04128269859473087, 4, 0.00010816221312120131, 0.0007957269658406918, 0.0009038891789618931), ('CH4<->CH4_1', 0.19829284290208396, 4.739483184367512e-05, 0.05031280882162178, 2, 1.3485665891963064e-05, 0.00010314169585724053, 0.0001166273617492036), ('CH4_1<->CH4_2', 0.32340470920913633, 1.851053004916103e-05, 0.0011612881912674078, 2, 5.071437834214254e-06, 2.497865429385865e-05, 3.0050092128072903e-05)]232311
232312
232313
232314
232315
232316
232317
232318
232319
232320


Top 5 Critical Steps (Sorted by Count):
Rxn: CO#1+H#1<->CHO#1+#1       | Count: 88    | Score: 1.0751
Rxn: H2O#1<->H2O+#1            | Count: 77    | Score: 0.8870
Rxn: CHO#1+H#1<->CH2O#1+#1     | Count: 65    | Score: 0.4678
Rxn: CH2#1+OH#1<->CH3#1+O#1    | Count: 65    | Score: 0.5421
Rxn: H#2+OH#1<->H2O#1+#2       | Count: 63    | Score: 0.3782

开始根据比例 [0.1, 0.2, 0.3, 0.4, 0.5, 0.6, 0.7, 0.8, 0.9, 1] 批量生成 INCAR 文件...
wait
R
R
R
R
R
R
R
R
R
R
R
R
已生成: INCAR_0.1.m (保留了 Count 排名前 10% 反应的精确能垒)
wait
C
R
C
R
C
R
C
R
C
R
C
R
C
R
R
R
R
R
R
R
R
R
R
R
R
R
已生成: INCAR_0.2.m (保留了 Count 排名前 20% 反应的精确能垒)
wait
C
R
C
R
C
R
C
R
C
R
C
R
C
R
R
R
R
R
R
R
R
已生成: INCAR_0.3.m (保留了 Count 排名前 30% 反应的精确能垒)
wait
C
R
C
R
C
R
C
R
C
R
C
R
C
R
R
R
R
R
R
R
R
R
已生成: INCAR_0.4.m (保留了 Count 排名前 40% 反应的精确能垒)
wait
C
R
C
R
C
R
C
R
C
R
C
R
R
R
R
R
R
R
R
R
R
R
R
R
R
R
R
R
R
R
R
R
R
R
R
R
R
R
R
R
R
R
R
R
R
R
R
R
R
R
R
R
R
R
R
R
R
R
R
R
R
R
R
R
R
R
R
R
R
R
R
R
R
R
R
R
R
R
R
R
R
R
R
R
R
R
R
R
R
R
R
R
R
R
R
R
R
R
R
R
R
R
R
R
R
R
R
R
R
R
R
R
R
R
R
R
R
R
R
R
R
R
R
R
R
R
R
R
R
R
R
R
R
R
R
R
R
R
R
R
R
R
R
R
R
R
R
R
R
R
R
R
R
R
R
R
R
R
R
R
已生成: INCAR_0.5.m (保留了 Count 排名前 50% 反应的精确能垒)
wait
C
R
C
R
C
R
C
R
C
R
C
R
C
R
R
R
R
R
R
R
R
已生成: INCAR_0.6.m (保留了 Count 排名前 60% 反应的精确能垒)
wait
C
R
C
R
C
R
C
R
C
R
C
R
R
R
R
R
R
R
R
R
已生成: INCAR_0.7.m (保留了 Count 排名前 70% 反应的精确能垒)
wait
C
R
C
R
C
R
C
R
C
R
C
R
R
R
R
R
R
R
R
R
已生成: INCAR_0.8.m (保留了 Count 排名前 80% 反应的精确能垒)
wait
C
R
C
R
C
R
C
R
C
R
C
R
C
R
R
R
R
R
R
R
R
已生成: INCAR_0.9.m (保留了 Count 排名前 90% 反应的精确能垒)
wait
C
R
C
R
C
R
C
R
C
R
C
R
C
R
R
R
R
R
R
R
R
已生成: INCAR_1.m (保留了 Count 排名前 100% 反应的精确能垒)

Done! Results saved.
