nohup: ignoring input
found 50 log files.
------------------------------
filepath /home/hxyang/my_Code/matlab_NN/test_sasian/test_new/test_67/1.5/0/result_1/log1
filepath /home/hxyang/my_Code/matlab_NN/test_sasian/test_new/test_67/1.5/0/result_1/log2
filepath /home/hxyang/my_Code/matlab_NN/test_sasian/test_new/test_67/1.5/0/result_1/log3
filepath /home/hxyang/my_Code/matlab_NN/test_sasian/test_new/test_67/1.5/0/result_1/log4
filepath /home/hxyang/my_Code/matlab_NN/test_sasian/test_new/test_67/1.5/0/result_1/log5
filepath /home/hxyang/my_Code/matlab_NN/test_sasian/test_new/test_67/1.5/0/result_1/log6
filepath /home/hxyang/my_Code/matlab_NN/test_sasian/test_new/test_67/1.5/0/result_1/log7
filepath /home/hxyang/my_Code/matlab_NN/test_sasian/test_new/test_67/1.5/0/result_1/log8
filepath /home/hxyang/my_Code/matlab_NN/test_sasian/test_new/test_67/1.5/0/result_1/log9
filepath /home/hxyang/my_Code/matlab_NN/test_sasian/test_new/test_67/1.5/0/result_1/log10
filepath /home/hxyang/my_Code/matlab_NN/test_sasian/test_new/test_67/1.5/0/result_1/log11
filepath /home/hxyang/my_Code/matlab_NN/test_sasian/test_new/test_67/1.5/0/result_1/log12
filepath /home/hxyang/my_Code/matlab_NN/test_sasian/test_new/test_67/1.5/0/result_1/log13
filepath /home/hxyang/my_Code/matlab_NN/test_sasian/test_new/test_67/1.5/0/result_1/log14
filepath /home/hxyang/my_Code/matlab_NN/test_sasian/test_new/test_67/1.5/0/result_1/log15
filepath /home/hxyang/my_Code/matlab_NN/test_sasian/test_new/test_67/1.5/0/result_1/log16
filepath /home/hxyang/my_Code/matlab_NN/test_sasian/test_new/test_67/1.5/0/result_1/log17
filepath /home/hxyang/my_Code/matlab_NN/test_sasian/test_new/test_67/1.5/0/result_1/log18
filepath /home/hxyang/my_Code/matlab_NN/test_sasian/test_new/test_67/1.5/0/result_1/log19
filepath /home/hxyang/my_Code/matlab_NN/test_sasian/test_new/test_67/1.5/0/result_1/log20
filepath /home/hxyang/my_Code/matlab_NN/test_sasian/test_new/test_67/1.5/0/result_1/log21
filepath /home/hxyang/my_Code/matlab_NN/test_sasian/test_new/test_67/1.5/0/result_1/log22
filepath /home/hxyang/my_Code/matlab_NN/test_sasian/test_new/test_67/1.5/0/result_1/log23
filepath /home/hxyang/my_Code/matlab_NN/test_sasian/test_new/test_67/1.5/0/result_1/log24
filepath /home/hxyang/my_Code/matlab_NN/test_sasian/test_new/test_67/1.5/0/result_1/log25
filepath /home/hxyang/my_Code/matlab_NN/test_sasian/test_new/test_67/1.5/0/result_1/log26
filepath /home/hxyang/my_Code/matlab_NN/test_sasian/test_new/test_67/1.5/0/result_1/log27
filepath /home/hxyang/my_Code/matlab_NN/test_sasian/test_new/test_67/1.5/0/result_1/log28
filepath /home/hxyang/my_Code/matlab_NN/test_sasian/test_new/test_67/1.5/0/result_1/log29
filepath /home/hxyang/my_Code/matlab_NN/test_sasian/test_new/test_67/1.5/0/result_1/log30
filepath /home/hxyang/my_Code/matlab_NN/test_sasian/test_new/test_67/1.5/0/result_1/log31
filepath /home/hxyang/my_Code/matlab_NN/test_sasian/test_new/test_67/1.5/0/result_1/log32
filepath /home/hxyang/my_Code/matlab_NN/test_sasian/test_new/test_67/1.5/0/result_1/log33
filepath /home/hxyang/my_Code/matlab_NN/test_sasian/test_new/test_67/1.5/0/result_1/log34
filepath /home/hxyang/my_Code/matlab_NN/test_sasian/test_new/test_67/1.5/0/result_1/log35
filepath /home/hxyang/my_Code/matlab_NN/test_sasian/test_new/test_67/1.5/0/result_1/log36
filepath /home/hxyang/my_Code/matlab_NN/test_sasian/test_new/test_67/1.5/0/result_1/log37
filepath /home/hxyang/my_Code/matlab_NN/test_sasian/test_new/test_67/1.5/0/result_1/log38
filepath /home/hxyang/my_Code/matlab_NN/test_sasian/test_new/test_67/1.5/0/result_1/log39
filepath /home/hxyang/my_Code/matlab_NN/test_sasian/test_new/test_67/1.5/0/result_1/log40
filepath /home/hxyang/my_Code/matlab_NN/test_sasian/test_new/test_67/1.5/0/result_1/log41
filepath /home/hxyang/my_Code/matlab_NN/test_sasian/test_new/test_67/1.5/0/result_1/log42
filepath /home/hxyang/my_Code/matlab_NN/test_sasian/test_new/test_67/1.5/0/result_1/log43
filepath /home/hxyang/my_Code/matlab_NN/test_sasian/test_new/test_67/1.5/0/result_1/log44
filepath /home/hxyang/my_Code/matlab_NN/test_sasian/test_new/test_67/1.5/0/result_1/log45
filepath /home/hxyang/my_Code/matlab_NN/test_sasian/test_new/test_67/1.5/0/result_1/log46
filepath /home/hxyang/my_Code/matlab_NN/test_sasian/test_new/test_67/1.5/0/result_1/log47
filepath /home/hxyang/my_Code/matlab_NN/test_sasian/test_new/test_67/1.5/0/result_1/log48
filepath /home/hxyang/my_Code/matlab_NN/test_sasian/test_new/test_67/1.5/0/result_1/log49
filepath /home/hxyang/my_Code/matlab_NN/test_sasian/test_new/test_67/1.5/0/result_1/log50

Starting Statistical Analysis...
corr_list [('CO+#1<->CO#1', 0.38492969434775626, 0.06425656713308095, 0.0057755361610039545, 18, 0.024380455719704458, 0.07682070698623486, 0.10120116270593932), ('CO+#2<->CO#2', 0.3184892394130925, 0.01670777209618568, 0.024186627206464056, 9, 0.004488729864522947, 0.023201090245842614, 0.02768982011036556), ('H2+#1<->H2#1', 0.543160532862058, 0.8983082668180277, 4.58706302092674e-05, 23, 0.31666249372071664, 0.7073530554801558, 1.0240155492008725), ('H2#1+#2<->H#1+H#2', 0.5825508182386543, 1.0856509066357467, 9.062158097742165e-06, 18, 0.3257751627675694, 0.8215131321949516, 1.147288294962521), ('H#2+#1<->H#1+#2', 0.28014100507937445, 0.02893311186259651, 0.04878738560589043, 12, 0.009096860450704259, 0.04753302652855831, 0.056629886979262564), ('CO#1+H#1<->CHO#1+#1', 0.5456502991527303, 1.0524475130203206, 4.1649750038988105e-05, 48, 0.630962624, 0.8108158245488113, 1.4417784485488112), ('CO#1+H#1<->COH#1+#1', 0.1801245363826863, -0.002044953932210107, 0.21066978559032318, 3, 0.0009425284425128135, 0.005026212044028105, 0.005968740486540919), ('CHO#1+H#1<->CH2O#1+#1', 0.35844040177771663, 0.336359149988209, 0.010588196655851007, 30, 0.168568836787188, 0.40612133179593357, 0.5746901685831216), ('CHO#1+H#1<->CHOH#1+#1', 0.04940005729629596, 0.03595953614772312, 0.7333413425758366, 11, 0.0950051683607678, 0.308571781838152, 0.4035769501989198), ('CH2O#1+H#1<->CH3O#1+#1', 0.04202216052400362, 0.018443759805909815, 0.772004455257219, 20, 0.0488758108724, 0.19459446965021565, 0.24347028052261566), ('CH2O#1+H#1<->CH2OH#1+#1', 0.05666309697723887, -1.2796632613701625e-06, 0.6959089784021307, 0, 1.3143302204720212e-06, 9.112303570489764e-06, 1.0426633790961785e-05), ('COH#1+H#1<->CHOH#1+#1', 0.08044770047857969, 0.0006353375305042636, 0.5786452292642452, 4, 0.0005489482322411119, 0.0035141152072595194, 0.004063063439500632), ('CHOH#1+H#1<->CH2OH#1+#1', 0.21209817652107718, -0.001652880592890525, 0.13921795090494588, 2, 0.00045776780047170166, 0.003107499242657911, 0.0035652670431296123), ('CH2OH#1+H#1<->CH3OH#1+#1', 0.08974136535317645, -4.023718942238947e-05, 0.5354093713321382, 1, 2.740078006388309e-05, 0.00019179988858702578, 0.00021920066865090885), ('CH3O#1+H#1<->CH3OH#1+#1', 0.32904882965578125, -8.603163812078393e-12, 0.01963419464195565, 0, 3.3575892716033282e-12, 1.1346895285122292e-11, 1.470448455672562e-11), ('CH2O#1<->CH2O+#1', 0.1701123110889859, 1.3725312069954198e-11, 0.2375695039181829, 0, 5.74147997404358e-12, 3.5517212830896744e-11, 4.1258692804940326e-11), ('CH3OH#1<->CH3OH+#1', 0.22132950752291786, -6.178790288219699e-09, 0.12242392334109525, 0, 2.2750202591726773e-09, 1.252362620279503e-08, 1.4798646461967708e-08), ('CHO#1+#1<->CH#1+O#1', 0.11211061941438523, 0.0713621131889131, 0.43825727093324285, 29, 0.1010930470412243, 0.2722706290441776, 0.3733636760854019), ('CH2O#1+#1<->CH2#1+O#1', 0.19350332439489223, -0.04491157058424817, 0.17816286299793205, 19, 0.02832380105584106, 0.10457314178893011, 0.13289694284477116), ('CH2O#1+#2<->CH2#2+O#1', 0.14835460745785667, -0.035566514687893215, 0.30385762552585394, 15, 0.027433034759530118, 0.10755155144708108, 0.1349845862066112), ('CHOH#1+#1<->CH#1+OH#1', 0.0984193078680709, -0.0092400035677674, 0.4965163262810859, 9, 0.007270554814428315, 0.03830820570772122, 0.045578760522149535), ('CH2OH#1+#1<->CH2#1+OH#1', 0.01775090350446402, -7.634166543084118e-08, 0.9026196940362197, 0, 3.318770746334859e-07, 1.816045963575205e-06, 2.147923038208691e-06), ('CH2OH#1+#2<->CH2#2+OH#1', 0.08705999124521954, -0.0019723482788153246, 0.5477201832708989, 1, 0.0014060552831729179, 0.009841992105725198, 0.011248047388898116), ('CH3O#1+#1<->CH3#1+O#1', 0.22314143798822883, -0.13821394505239343, 0.11931569096994585, 11, 0.05289774761014704, 0.26586404517611156, 0.3187617927862586), ('CH3O#1+#2<->CH3#2+O#1', 0.04749571386648564, 0.010299552750421822, 0.7432626354327476, 11, 0.02141436407000967, 0.09722563437010048, 0.11863999844011015), ('CH3OH#1+#1<->CH3#1+OH#1', 0.10841111581249305, -4.182125449145394e-11, 0.4536124446549876, 0, 4.047003546574823e-11, 1.6666897857383796e-10, 2.0713901403958618e-10), ('CH3OH#1+#2<->CH3#2+OH#1', 0.21185928286651443, -9.618763187969722e-10, 0.1396742621150436, 0, 3.679260162656604e-10, 1.9837775994211506e-09, 2.351703615686811e-09), ('CH#1+H#1<->CH2#1+#1', 0.03711813306526081, 0.012732226210598578, 0.798016858419993, 22, 0.06355525140266267, 0.14829618074168766, 0.21185143214435032), ('CH#1+OH#1<->CH2#1+O#1', 0.06403380669426305, 0.04396571631123911, 0.6586419091445471, 25, 0.1122826437834445, 0.3025488202691668, 0.4148314640526113), ('CH2#1+H#1<->CH3#1+#1', 0.014897522678868097, -0.012092412886883057, 0.9182148517100563, 32, 0.13732836658223999, 0.32038853723838157, 0.4577169038206216), ('CH2#2+H#1<->CH3#2+#1', 0.12942353784664137, 0.0447355553900975, 0.37036428691599893, 13, 0.028398565358165602, 0.1504577991056647, 0.1788563644638303), ('CH2#2+OH#1<->CH3#2+O#1', 0.16072953065647771, -0.0826260312713428, 0.26482821691297365, 15, 0.047752858578854925, 0.22594760588772103, 0.273700464466576), ('CH2#1+OH#1<->CH3#1+O#1', 0.022632357473208152, -0.01429788161866366, 0.8760274288822261, 33, 0.12625159315933998, 0.2722671704067437, 0.3985187635660837), ('CH3#2+H#2<->CH4+#2+#2', 0.19906234525973784, -0.03457623416721303, 0.16577856895458018, 15, 0.023372557920087505, 0.07805986345029164, 0.10143242137037915), ('CH3#2+OH#1<->CH4+#2+O#1', 0.2318162560836822, -0.1267868525231614, 0.10525803462185682, 25, 0.06917478543791279, 0.24186709507318688, 0.31104188051109966), ('CH3#2+H#1<->CH4+#1+#2', 0.23687362633701858, 0.054894857784572725, 0.09767118005147896, 13, 0.030573211331367, 0.10626696983824505, 0.13684018116961205), ('CH3#1+H#2<->CH4+#1+#2', 0.29680404062349797, -0.07773968518526525, 0.036343840599006, 23, 0.04688471400104503, 0.11206400854707697, 0.158948722548122), ('CH3#1+H#1<->CH4+#1+#1', 0.1916094383466509, -0.13646814982667738, 0.18253054304776445, 28, 0.10253015284249259, 0.2859597373281926, 0.38848989017068514), ('CH3#1+OH#1<->CH4+#1+O#1', 0.20032871345303344, -0.33049707684034274, 0.16304729944588398, 32, 0.21428223966402515, 0.7449763993596574, 0.9592586390236826), ('CHO#1+CO#1<->CH#1+CO2#1', 0.2594873628364625, -0.1623725608130839, 0.0687964127158917, 7, 0.03898826128542245, 0.26177296822795265, 0.3007612295133751), ('CH2O#1+CO#1<->CH2#1+CO2#1', 0.27552101270138823, -0.053485729071843485, 0.05279212002825527, 6, 0.018671105019887932, 0.08761725600120894, 0.10628836102109687), ('CH3O#1+CO#1<->CH3#1+CO2#1', 0.35428030609150785, -4.439335414927103e-06, 0.011594902128149483, 0, 1.9129646487944384e-06, 5.611744571338235e-06, 7.524709220132673e-06), ('CHO#1+CO#2<->CH#1+CO2#2', 0.20843835557788726, -0.010879799018236937, 0.14633138363683557, 5, 0.00588745585972919, 0.023389989992681534, 0.029277445852410725), ('CH2O#1+CO#2<->CH2#1+CO2#2', 0.17763857304751723, -0.01317214246158634, 0.2171403711262065, 7, 0.005762896236961132, 0.0330522338281359, 0.038815130065097035), ('CH3O#1+CO#2<->CH3#1+CO2#2', 0.22201209424168772, -6.281964466311072e-06, 0.12124588304882727, 0, 1.622113995065343e-06, 1.1268428872217934e-05, 1.2890542867283277e-05), ('CH2#1+CO#2<->CH2CO#1+#2', 0.07281290729495876, 0.00044330457442305903, 0.6153084863260256, 2, 0.000527384139688339, 0.0025886865152669235, 0.0031160706549552626), ('CH2#1+CO#1<->CH2CO#1+#1', 0.06649659091237027, 0.000642500873250063, 0.646365181420838, 4, 0.0007160455199808946, 0.00433020576576322, 0.005046251285744115), ('CH2#2+CO#2<->CH2CO#2+#2', 0.09390533043997716, -0.010579266784160532, 0.5165633712614549, 5, 0.010695255917822706, 0.046172694234829496, 0.056867950152652204), ('CH3#1+CO#2<->CH3CO#1+#2', 0.03812239634722845, 1.2635386586231436e-05, 0.7926712305565016, 1, 2.080937829170852e-05, 0.00014559867296194717, 0.0001664080512536557), ('CH3#1+CO#1<->CH3CO#1+#1', 0.11039403367010517, -0.0009438593456245844, 0.44534586264493015, 2, 0.0005289842539898285, 0.0036674469170440965, 0.004196431171033925), ('CH3#2+CO#2<->CH3CO#2+#2', 0.07545742589297566, 0.017041201079620795, 0.6024972469485137, 6, 0.022058574762777325, 0.09536386979293646, 0.11742244455571378), ('CH3CO#1+#1<->CH2CO#1+H#1', 0.025250746680414805, -1.1660681636812997e-05, 0.8618172238582018, 1, 3.125573294029247e-05, 0.00019886798848859968, 0.00023012372142889215), ('CH3CO#1+O#1<->CH2CO#1+OH#1', 0.24959604653350267, -0.00020818765379121193, 0.0804544583960255, 2, 5.524831424721879e-05, 0.0003615772465139078, 0.00041682556076112656), ('CH3CO#2+#1<->CH2CO#2+H#1', 0.15340052477283486, 0.030644342249596824, 0.2875185802923593, 5, 0.013688672638457147, 0.08542681324440879, 0.09911548588286594), ('CH3CO#2+O#1<->CH2CO#2+OH#1', 0.30796322965223744, -0.05160491738456918, 0.029575207313463907, 7, 0.019244154747658546, 0.07699414973930836, 0.09623830448696691), ('CH2CO#1<->CH2CO+#1', 0.00663592763040715, -0.0004082014199505892, 0.9635200754093532, 5, 0.004878525347877873, 0.027988567402460127, 0.032867092750338), ('CH2CO#2<->CH2CO+#2', 0.21112425798774995, 0.0026245867771692217, 0.141085224715139, 3, 0.0009613934406901078, 0.005622912557596739, 0.006584305998286847), ('CO#2+O#1<->CO2#1+#2', 0.49987192106038136, 0.17475012505504445, 0.0002189566164393171, 21, 0.05770729723514201, 0.1499607240897824, 0.2076680213249244), ('CO#2+OH#1<->COOH#2+#1', 0.07678787630998025, -0.019308023257294436, 0.5960962649054886, 5, 0.017670294388294618, 0.10865414377695849, 0.1263244381652531), ('COOH#2+O#1<->CO2#2+OH#1', 0.1301741268902915, -0.005207948657962461, 0.3675718780288685, 8, 0.004008695566565096, 0.01674847925788679, 0.020757174824451885), ('COOH#2+#1<->CO2#2+H#1', 0.19674276840310886, -0.019054808574465055, 0.17086753680370848, 8, 0.009752300517813235, 0.04564141872373917, 0.055393719241552404), ('H#1+OH#1<->H2O#1+#1', 0.015749432461330648, -0.004464003692797561, 0.9135552781565022, 28, 0.030087185540421356, 0.12859516564849446, 0.15868235118891583), ('OH#1+OH#1<->H2O#1+O#1', 0.2452023636314511, -0.13783933275819152, 0.08610737666270105, 30, 0.1067301294088, 0.23596165924923132, 0.3426917886580313), ('H#2+OH#1<->H2O#1+#2', 0.19618489665878588, 0.10551278165288439, 0.17210818476006579, 28, 0.0915063385283, 0.23924212303487283, 0.33074846156317284), ('CO2#1<->CO2+#1', 0.5105710949614544, 0.24903674009134613, 0.00015170443867453199, 23, 0.07896226669698801, 0.20521772928255477, 0.2841799959795428), ('CO2#2<->CO2+#2', 0.08221385789540339, 0.003972030104574529, 0.57030775959341, 7, 0.003479928422844834, 0.020959086408683013, 0.02443901483152785), ('H2O#1<->H2O+#1', 0.9103907828083708, 0.9514790178983704, 5.0286411940900794e-20, 38, 0.47437218693600003, 0.4502296915640884, 0.9246018785000885)]236090
236092
236094
236097
236099
236100
236101
236107
236108
236110


Top 5 Critical Steps (Sorted by Count):
Rxn: CO#1+H#1<->CHO#1+#1       | Count: 48    | Score: 1.4418
Rxn: H2O#1<->H2O+#1            | Count: 38    | Score: 0.9246
Rxn: CH2#1+OH#1<->CH3#1+O#1    | Count: 33    | Score: 0.3985
Rxn: CH2#1+H#1<->CH3#1+#1      | Count: 32    | Score: 0.4577
Rxn: CH3#1+OH#1<->CH4+#1+O#1   | Count: 32    | Score: 0.9593

开始根据比例 [0.1, 0.2, 0.3, 0.4, 0.5, 0.6, 0.7, 0.8, 0.9, 1] 批量生成 INCAR 文件...
wait
R
R
R
R
R
R
R
已生成: INCAR_0.1.m (保留了 Count 排名前 10% 反应的精确能垒)
wait
C
R
C
R
C
R
C
R
C
R
C
R
C
R
已生成: INCAR_0.2.m (保留了 Count 排名前 20% 反应的精确能垒)
wait
C
R
C
R
C
R
C
R
C
R
C
R
R
R
R
已生成: INCAR_0.3.m (保留了 Count 排名前 30% 反应的精确能垒)
wait
C
R
C
R
C
R
C
R
C
R
C
R
C
R
R
R
已生成: INCAR_0.4.m (保留了 Count 排名前 40% 反应的精确能垒)
wait
C
R
C
R
C
R
C
R
C
R
C
R
R
R
R
已生成: INCAR_0.5.m (保留了 Count 排名前 50% 反应的精确能垒)
wait
C
R
C
R
C
R
C
R
C
R
C
R
R
R
R
已生成: INCAR_0.6.m (保留了 Count 排名前 60% 反应的精确能垒)
wait
C
R
C
R
C
R
C
R
C
R
C
R
R
R
R
R
R
R
R
R
R
R
R
R
R
R
R
R
R
R
R
R
R
R
已生成: INCAR_0.7.m (保留了 Count 排名前 70% 反应的精确能垒)
wait
C
R
C
R
C
R
C
R
C
R
C
R
C
R
R
R
已生成: INCAR_0.8.m (保留了 Count 排名前 80% 反应的精确能垒)
wait
C
R
C
R
C
R
C
R
C
R
C
R
R
R
R
已生成: INCAR_0.9.m (保留了 Count 排名前 90% 反应的精确能垒)
wait
C
R
C
R
C
R
C
R
C
R
C
R
R
R
R
已生成: INCAR_1.m (保留了 Count 排名前 100% 反应的精确能垒)

Done! Results saved.
